// Jest Snapshot v1, https://goo.gl/fbAQLP

exports[`<Counter />  Renders correctly  1`] = `
<section>
  <h3>
    0
  </h3>
  <button
    id="b1"
    onClick={[Function]}
  >
    Click For Up
  </button>
  <button
    id="b2"
    onClick={[Function]}
  >
    Click For Down
  </button>
</section>
`;
